[
  {
    "timestamp": "2026-05-24T10:17:01.904911",
    "gamma": 0.05,
    "n_final": 1000,
    "mean": 1.0547100787258537,
    "H": 0.04239624498181735,
    "relative_ci": 0.04019706063019165,
    "ci_lower": 1.0123138337440363,
    "ci_upper": 1.097106323707671,
    "E_theoretical": 0.9000000000000002,
    "elapsed": 0.0057472400076221675
  },
  {
    "timestamp": "2026-05-24T10:17:23.843087",
    "gamma": 0.05,
    "n_final": 1559,
    "mean": 0.5774054430680323,
    "H": 0.02886192977878009,
    "relative_ci": 0.04998555196401129,
    "ci_lower": 0.5485435132892522,
    "ci_upper": 0.6062673728468124,
    "E_theoretical": 0.9000000000000002,
    "elapsed": 0.009653937988332473
  }
]