[
  {
    "timestamp": "2026-05-24T10:19:06.209521",
    "max_exp": 9,
    "E_theoretical": 0.9000000000000002,
    "results": [
      {
        "n": 1000,
        "mean": 0.49806696044556276,
        "H": 0.03150520175394584,
        "ci_lower": 0.4665617586916169,
        "ci_upper": 0.5295721621995086,
        "error": 0.4019330395544375,
        "elapsed": 0.00019000300380866975
      },
      {
        "n": 100000,
        "mean": 0.8179804431318637,
        "H": 0.005479178348014467,
        "ci_lower": 0.8125012647838492,
        "ci_upper": 0.8234596214798782,
        "error": 0.08201955686813656,
        "elapsed": 0.013461187991197221
      },
      {
        "n": 10000000,
        "mean": 0.9079355595659476,
        "H": 0.0006248613631451217,
        "ci_lower": 0.9073106982028025,
        "ci_upper": 0.9085604209290927,
        "error": 0.007935559565947381,
        "elapsed": 1.373732538006152
      },
      {
        "n": 1000000000,
        "mean": 0.8997631454494565,
        "H": 6.165696360754801e-05,
        "ci_lower": 0.899701488485849,
        "ci_upper": 0.899824802413064,
        "error": 0.0002368545505437858,
        "elapsed": 137.69982341899595
      }
    ]
  }
]